[2026-04-29 17:48:21] ERROR: Private key must be stored outside the sandbox
[2026-04-29 17:48:38] Failed processing .gitignore: [Errno 2] No such file or directory: 'C:\\Users\\zeine\\Desktop\\RansomWhere\\keys\\public_key.pem'
[2026-04-29 17:48:38] Failed processing anomaly_detector.py: [Errno 2] No such file or directory: 'C:\\Users\\zeine\\Desktop\\RansomWhere\\keys\\public_key.pem'
[2026-04-29 17:48:38] Failed processing logo.png: [Errno 2] No such file or directory: 'C:\\Users\\zeine\\Desktop\\RansomWhere\\keys\\public_key.pem'
[2026-04-29 17:48:38] Failed processing README.md: [Errno 2] No such file or directory: 'C:\\Users\\zeine\\Desktop\\RansomWhere\\keys\\public_key.pem'
[2026-04-29 17:48:38] Failed processing requirements.txt: [Errno 2] No such file or directory: 'C:\\Users\\zeine\\Desktop\\RansomWhere\\keys\\public_key.pem'
[2026-04-29 17:48:38] Failed processing script.py: [Errno 2] No such file or directory: 'C:\\Users\\zeine\\Desktop\\RansomWhere\\keys\\public_key.pem'
[2026-04-29 17:48:38] Failed processing config: [Errno 2] No such file or directory: 'C:\\Users\\zeine\\Desktop\\RansomWhere\\keys\\public_key.pem'
[2026-04-29 17:48:38] Failed processing description: [Errno 2] No such file or directory: 'C:\\Users\\zeine\\Desktop\\RansomWhere\\keys\\public_key.pem'
[2026-04-29 17:48:38] Failed processing HEAD: [Errno 2] No such file or directory: 'C:\\Users\\zeine\\Desktop\\RansomWhere\\keys\\public_key.pem'
[2026-04-29 17:48:38] Failed processing index: [Errno 2] No such file or directory: 'C:\\Users\\zeine\\Desktop\\RansomWhere\\keys\\public_key.pem'
[2026-04-29 17:48:38] Failed processing packed-refs: [Errno 2] No such file or directory: 'C:\\Users\\zeine\\Desktop\\RansomWhere\\keys\\public_key.pem'
[2026-04-29 17:48:38] Failed processing applypatch-msg.sample: [Errno 2] No such file or directory: 'C:\\Users\\zeine\\Desktop\\RansomWhere\\keys\\public_key.pem'
[2026-04-29 17:48:38] Failed processing commit-msg.sample: [Errno 2] No such file or directory: 'C:\\Users\\zeine\\Desktop\\RansomWhere\\keys\\public_key.pem'
[2026-04-29 17:48:38] Failed processing fsmonitor-watchman.sample: [Errno 2] No such file or directory: 'C:\\Users\\zeine\\Desktop\\RansomWhere\\keys\\public_key.pem'
[2026-04-29 17:48:38] Failed processing post-update.sample: [Errno 2] No such file or directory: 'C:\\Users\\zeine\\Desktop\\RansomWhere\\keys\\public_key.pem'
[2026-04-29 17:48:38] Failed processing pre-applypatch.sample: [Errno 2] No such file or directory: 'C:\\Users\\zeine\\Desktop\\RansomWhere\\keys\\public_key.pem'
[2026-04-29 17:48:38] Failed processing pre-commit.sample: [Errno 2] No such file or directory: 'C:\\Users\\zeine\\Desktop\\RansomWhere\\keys\\public_key.pem'
[2026-04-29 17:48:38] Failed processing pre-merge-commit.sample: [Errno 2] No such file or directory: 'C:\\Users\\zeine\\Desktop\\RansomWhere\\keys\\public_key.pem'
[2026-04-29 17:48:38] Failed processing pre-push.sample: [Errno 2] No such file or directory: 'C:\\Users\\zeine\\Desktop\\RansomWhere\\keys\\public_key.pem'
[2026-04-29 17:48:38] Failed processing pre-rebase.sample: [Errno 2] No such file or directory: 'C:\\Users\\zeine\\Desktop\\RansomWhere\\keys\\public_key.pem'
[2026-04-29 17:48:38] Failed processing pre-receive.sample: [Errno 2] No such file or directory: 'C:\\Users\\zeine\\Desktop\\RansomWhere\\keys\\public_key.pem'
[2026-04-29 17:48:38] Failed processing prepare-commit-msg.sample: [Errno 2] No such file or directory: 'C:\\Users\\zeine\\Desktop\\RansomWhere\\keys\\public_key.pem'
[2026-04-29 17:48:38] Failed processing push-to-checkout.sample: [Errno 2] No such file or directory: 'C:\\Users\\zeine\\Desktop\\RansomWhere\\keys\\public_key.pem'
[2026-04-29 17:48:38] Failed processing sendemail-validate.sample: [Errno 2] No such file or directory: 'C:\\Users\\zeine\\Desktop\\RansomWhere\\keys\\public_key.pem'
[2026-04-29 17:48:38] Failed processing update.sample: [Errno 2] No such file or directory: 'C:\\Users\\zeine\\Desktop\\RansomWhere\\keys\\public_key.pem'
[2026-04-29 17:48:38] Failed processing exclude: [Errno 2] No such file or directory: 'C:\\Users\\zeine\\Desktop\\RansomWhere\\keys\\public_key.pem'
[2026-04-29 17:48:38] Failed processing HEAD: [Errno 2] No such file or directory: 'C:\\Users\\zeine\\Desktop\\RansomWhere\\keys\\public_key.pem'
[2026-04-29 17:48:38] Failed processing anomaly-detection: [Errno 2] No such file or directory: 'C:\\Users\\zeine\\Desktop\\RansomWhere\\keys\\public_key.pem'
[2026-04-29 17:48:38] Failed processing main: [Errno 2] No such file or directory: 'C:\\Users\\zeine\\Desktop\\RansomWhere\\keys\\public_key.pem'
[2026-04-29 17:48:38] Failed processing HEAD: [Errno 2] No such file or directory: 'C:\\Users\\zeine\\Desktop\\RansomWhere\\keys\\public_key.pem'
[2026-04-29 17:48:38] Failed processing pack-c6bf4489a10ce750c3b7eba49596eb4c6a668c89.idx: [Errno 2] No such file or directory: 'C:\\Users\\zeine\\Desktop\\RansomWhere\\keys\\public_key.pem'
[2026-04-29 17:48:38] Failed processing pack-c6bf4489a10ce750c3b7eba49596eb4c6a668c89.pack: [Errno 2] No such file or directory: 'C:\\Users\\zeine\\Desktop\\RansomWhere\\keys\\public_key.pem'
[2026-04-29 17:48:38] Failed processing pack-c6bf4489a10ce750c3b7eba49596eb4c6a668c89.rev: [Errno 2] No such file or directory: 'C:\\Users\\zeine\\Desktop\\RansomWhere\\keys\\public_key.pem'
[2026-04-29 17:48:38] Failed processing anomaly-detection: [Errno 2] No such file or directory: 'C:\\Users\\zeine\\Desktop\\RansomWhere\\keys\\public_key.pem'
[2026-04-29 17:48:38] Failed processing main: [Errno 2] No such file or directory: 'C:\\Users\\zeine\\Desktop\\RansomWhere\\keys\\public_key.pem'
[2026-04-29 17:48:38] Failed processing HEAD: [Errno 2] No such file or directory: 'C:\\Users\\zeine\\Desktop\\RansomWhere\\keys\\public_key.pem'
[2026-04-29 17:48:38] Created ransom note: C:\Users\zeine\Desktop\RansomWhere\note.txt
